2026-02-15 18:23:27,362 | INFO | base_run_dir=repro/glofas_coverage_scan_runs/scan_20260216T015036Z
2026-02-15 18:23:27,363 | INFO | mode=dry-run
2026-02-15 18:23:27,385 | INFO | selected_combos=36
2026-02-15 18:23:27,405 | INFO | start combo=P1__forecast__version_3_1__htessel_lisflood__ensemble_perturbed_forecasts baseline=not_found
2026-02-15 18:23:27,411 | INFO | done combo=P1__forecast__version_3_1__htessel_lisflood__ensemble_perturbed_forecasts status=not_found
2026-02-15 18:23:27,407 | INFO | start combo=P1__forecast__version_3_1__htessel_lisflood__control_forecast baseline=not_found
2026-02-15 18:23:27,417 | INFO | start combo=P1__forecast__version_3_1__lisflood__control_forecast baseline=not_found
2026-02-15 18:23:27,422 | INFO | done combo=P1__forecast__version_3_1__htessel_lisflood__control_forecast status=not_found
2026-02-15 18:23:27,424 | INFO | done combo=P1__forecast__version_3_1__lisflood__control_forecast status=not_found
2026-02-15 18:23:27,429 | INFO | start combo=P1__forecast__version_3_1__lisflood__ensemble_perturbed_forecasts baseline=not_found
2026-02-15 18:23:27,439 | INFO | done combo=P1__forecast__version_3_1__lisflood__ensemble_perturbed_forecasts status=not_found
2026-02-15 18:23:27,488 | INFO | start combo=P1__historical__version_3_1__htessel_lisflood__consolidated baseline=not_found
2026-02-15 18:23:27,505 | INFO | done combo=P1__historical__version_3_1__htessel_lisflood__consolidated status=not_found
2026-02-15 18:23:27,554 | INFO | start combo=P1__historical__version_3_1__htessel_lisflood__intermediate baseline=not_found
2026-02-15 18:23:27,560 | INFO | done combo=P1__historical__version_3_1__htessel_lisflood__intermediate status=not_found
2026-02-15 18:23:27,620 | INFO | start combo=P1__historical__version_3_1__lisflood__consolidated baseline=found
2026-02-15 18:23:27,629 | INFO | done combo=P1__historical__version_3_1__lisflood__consolidated status=not_found
2026-02-15 18:23:27,646 | INFO | start combo=P1__historical__version_3_1__lisflood__intermediate baseline=found
2026-02-15 18:23:27,663 | INFO | done combo=P1__historical__version_3_1__lisflood__intermediate status=not_found
2026-02-15 18:23:27,675 | INFO | start combo=P1__reforecast__version_3_1__htessel_lisflood__control_reforecast baseline=not_found
2026-02-15 18:23:27,677 | INFO | done combo=P1__reforecast__version_3_1__htessel_lisflood__control_reforecast status=not_found
2026-02-15 18:23:27,703 | INFO | start combo=P1__reforecast__version_3_1__lisflood__control_reforecast baseline=not_found
2026-02-15 18:23:27,704 | INFO | done combo=P1__reforecast__version_3_1__lisflood__control_reforecast status=not_found
2026-02-15 18:23:27,736 | INFO | start combo=P1__reforecast__version_3_1__htessel_lisflood__ensemble_perturbed_reforecast baseline=not_found
2026-02-15 18:23:27,738 | INFO | done combo=P1__reforecast__version_3_1__htessel_lisflood__ensemble_perturbed_reforecast status=not_found
2026-02-15 18:23:27,744 | INFO | start combo=P2__forecast__operational__htessel_lisflood__control_forecast baseline=found
2026-02-15 18:23:27,746 | INFO | done combo=P2__forecast__operational__htessel_lisflood__control_forecast status=not_found
2026-02-15 18:23:27,751 | INFO | start combo=P2__forecast__operational__htessel_lisflood__ensemble_perturbed_forecasts baseline=found
2026-02-15 18:23:27,753 | INFO | done combo=P2__forecast__operational__htessel_lisflood__ensemble_perturbed_forecasts status=not_found
2026-02-15 18:23:27,759 | INFO | start combo=P2__forecast__operational__lisflood__control_forecast baseline=found
2026-02-15 18:23:27,761 | INFO | done combo=P2__forecast__operational__lisflood__control_forecast status=not_found
2026-02-15 18:23:27,762 | INFO | start combo=P1__reforecast__version_3_1__lisflood__ensemble_perturbed_reforecast baseline=not_found
2026-02-15 18:23:27,770 | INFO | done combo=P1__reforecast__version_3_1__lisflood__ensemble_perturbed_reforecast status=not_found
2026-02-15 18:23:27,776 | INFO | start combo=P2__forecast__operational__lisflood__ensemble_perturbed_forecasts baseline=not_found
2026-02-15 18:23:27,800 | INFO | done combo=P2__forecast__operational__lisflood__ensemble_perturbed_forecasts status=not_found
2026-02-15 18:23:27,835 | INFO | start combo=P2__historical__version_4_0__htessel_lisflood__consolidated baseline=not_found
2026-02-15 18:23:27,842 | INFO | done combo=P2__historical__version_4_0__htessel_lisflood__consolidated status=not_found
2026-02-15 18:23:27,873 | INFO | start combo=P2__historical__version_4_0__htessel_lisflood__intermediate baseline=not_found
2026-02-15 18:23:27,888 | INFO | done combo=P2__historical__version_4_0__htessel_lisflood__intermediate status=not_found
2026-02-15 18:23:27,919 | INFO | start combo=P2__historical__version_4_0__lisflood__consolidated baseline=found
2026-02-15 18:23:27,944 | INFO | done combo=P2__historical__version_4_0__lisflood__consolidated status=not_found
2026-02-15 18:23:27,967 | INFO | start combo=P2__historical__version_4_0__lisflood__intermediate baseline=not_found
2026-02-15 18:23:27,974 | INFO | done combo=P2__historical__version_4_0__lisflood__intermediate status=not_found
2026-02-15 18:23:27,987 | INFO | start combo=P2__reforecast__version_4_0__htessel_lisflood__control_reforecast baseline=not_found
2026-02-15 18:23:27,988 | INFO | done combo=P2__reforecast__version_4_0__htessel_lisflood__control_reforecast status=not_found
2026-02-15 18:23:28,018 | INFO | start combo=P2__reforecast__version_4_0__lisflood__control_reforecast baseline=found
2026-02-15 18:23:28,020 | INFO | done combo=P2__reforecast__version_4_0__lisflood__control_reforecast status=not_found
2026-02-15 18:23:28,050 | INFO | start combo=P2__reforecast__version_4_0__htessel_lisflood__ensemble_perturbed_reforecast baseline=not_found
2026-02-15 18:23:28,051 | INFO | done combo=P2__reforecast__version_4_0__htessel_lisflood__ensemble_perturbed_reforecast status=not_found
2026-02-15 18:23:28,056 | INFO | start combo=P3__forecast__version_2_1__htessel_lisflood__control_forecast baseline=not_found
2026-02-15 18:23:28,059 | INFO | done combo=P3__forecast__version_2_1__htessel_lisflood__control_forecast status=not_found
2026-02-15 18:23:28,065 | INFO | start combo=P3__forecast__version_2_1__htessel_lisflood__ensemble_perturbed_forecasts baseline=not_found
2026-02-15 18:23:28,066 | INFO | done combo=P3__forecast__version_2_1__htessel_lisflood__ensemble_perturbed_forecasts status=not_found
2026-02-15 18:23:28,072 | INFO | start combo=P3__forecast__version_2_1__lisflood__control_forecast baseline=not_found
2026-02-15 18:23:28,073 | INFO | done combo=P3__forecast__version_2_1__lisflood__control_forecast status=not_found
2026-02-15 18:23:28,079 | INFO | start combo=P3__forecast__version_2_1__lisflood__ensemble_perturbed_forecasts baseline=not_found
2026-02-15 18:23:28,081 | INFO | done combo=P3__forecast__version_2_1__lisflood__ensemble_perturbed_forecasts status=not_found
2026-02-15 18:23:28,108 | INFO | start combo=P2__reforecast__version_4_0__lisflood__ensemble_perturbed_reforecast baseline=found
2026-02-15 18:23:28,120 | INFO | done combo=P2__reforecast__version_4_0__lisflood__ensemble_perturbed_reforecast status=not_found
2026-02-15 18:23:28,143 | INFO | start combo=P3__historical__version_2_1__htessel_lisflood__consolidated baseline=found
2026-02-15 18:23:28,171 | INFO | done combo=P3__historical__version_2_1__htessel_lisflood__consolidated status=not_found
2026-02-15 18:23:28,184 | INFO | start combo=P3__historical__version_2_1__htessel_lisflood__intermediate baseline=found
2026-02-15 18:23:28,191 | INFO | done combo=P3__historical__version_2_1__htessel_lisflood__intermediate status=not_found
2026-02-15 18:23:28,247 | INFO | start combo=P3__historical__version_2_1__lisflood__consolidated baseline=not_found
2026-02-15 18:23:28,253 | INFO | done combo=P3__historical__version_2_1__lisflood__consolidated status=not_found
2026-02-15 18:23:28,289 | INFO | start combo=P3__historical__version_2_1__lisflood__intermediate baseline=not_found
2026-02-15 18:23:28,293 | INFO | done combo=P3__historical__version_2_1__lisflood__intermediate status=not_found
2026-02-15 18:23:28,302 | INFO | start combo=P3__reforecast__version_2_2__htessel_lisflood__control_reforecast baseline=not_found
2026-02-15 18:23:28,303 | INFO | done combo=P3__reforecast__version_2_2__htessel_lisflood__control_reforecast status=not_found
2026-02-15 18:23:28,336 | INFO | start combo=P3__reforecast__version_2_2__htessel_lisflood__ensemble_perturbed_reforecast baseline=not_found
2026-02-15 18:23:28,345 | INFO | start combo=P3__reforecast__version_2_2__lisflood__control_reforecast baseline=not_found
2026-02-15 18:23:28,347 | INFO | done combo=P3__reforecast__version_2_2__htessel_lisflood__ensemble_perturbed_reforecast status=not_found
2026-02-15 18:23:28,349 | INFO | done combo=P3__reforecast__version_2_2__lisflood__control_reforecast status=not_found
2026-02-15 18:23:28,371 | INFO | start combo=P3__reforecast__version_2_2__lisflood__ensemble_perturbed_reforecast baseline=not_found
2026-02-15 18:23:28,372 | INFO | done combo=P3__reforecast__version_2_2__lisflood__ensemble_perturbed_reforecast status=not_found
2026-02-15 18:23:28,383 | INFO | completed combos=36 found=0 attempts=217 out=repro/glofas_coverage_scan_runs/refine_20260216T022327Z
