2026-02-15 17:28:13,871 | INFO | run_id=scan_20260216T012813Z
2026-02-15 17:28:13,871 | INFO | mode=dry-run
2026-02-15 17:28:13,875 | INFO | total_combos=18
2026-02-15 17:28:13,878 | INFO | [HISTORICAL] combos=6
2026-02-15 17:28:13,886 | INFO | [REFORECAST] combos=6
2026-02-15 17:28:13,920 | INFO | [REFORECAST] start combo=P1__reforecast__version_3_1__htessel_lisflood__control_reforecast days=2598
2026-02-15 17:28:13,922 | INFO | [FORECAST] combos=6
2026-02-15 17:28:13,935 | INFO | [FORECAST] start combo=P1__forecast__version_3_1__htessel_lisflood__control_forecast days=2296
2026-02-15 17:28:13,938 | INFO | [FORECAST] no anchor combo=P1__forecast__version_3_1__htessel_lisflood__control_forecast
2026-02-15 17:28:13,942 | INFO | [FORECAST] start combo=P1__forecast__version_3_1__lisflood__control_forecast days=2296
2026-02-15 17:28:13,953 | INFO | [FORECAST] no anchor combo=P1__forecast__version_3_1__lisflood__control_forecast
2026-02-15 17:28:13,958 | INFO | [FORECAST] start combo=P2__forecast__operational__htessel_lisflood__control_forecast days=2296
2026-02-15 17:28:13,960 | INFO | [FORECAST] no anchor combo=P2__forecast__operational__htessel_lisflood__control_forecast
2026-02-15 17:28:13,965 | INFO | [FORECAST] start combo=P2__forecast__operational__lisflood__control_forecast days=2296
2026-02-15 17:28:13,967 | INFO | [FORECAST] no anchor combo=P2__forecast__operational__lisflood__control_forecast
2026-02-15 17:28:13,972 | INFO | [FORECAST] start combo=P3__forecast__version_2_1__htessel_lisflood__control_forecast days=2296
2026-02-15 17:28:13,973 | INFO | [FORECAST] no anchor combo=P3__forecast__version_2_1__htessel_lisflood__control_forecast
2026-02-15 17:28:13,979 | INFO | [FORECAST] start combo=P3__forecast__version_2_1__lisflood__control_forecast days=2296
2026-02-15 17:28:13,980 | INFO | [FORECAST] no anchor combo=P3__forecast__version_2_1__lisflood__control_forecast
2026-02-15 17:28:13,981 | INFO | [REFORECAST] no anchor combo=P1__reforecast__version_3_1__htessel_lisflood__control_reforecast
2026-02-15 17:28:14,008 | INFO | [HISTORICAL] start combo=P1__historical__version_3_1__htessel_lisflood__consolidated days=17213
2026-02-15 17:28:14,016 | INFO | [REFORECAST] start combo=P1__reforecast__version_3_1__lisflood__control_reforecast days=2598
2026-02-15 17:28:14,018 | INFO | [REFORECAST] no anchor combo=P1__reforecast__version_3_1__lisflood__control_reforecast
2026-02-15 17:28:14,025 | INFO | [HISTORICAL] no anchor combo=P1__historical__version_3_1__htessel_lisflood__consolidated
2026-02-15 17:28:14,053 | INFO | [REFORECAST] start combo=P2__reforecast__version_4_0__htessel_lisflood__control_reforecast days=2598
2026-02-15 17:28:14,076 | INFO | [HISTORICAL] start combo=P1__historical__version_3_1__lisflood__consolidated days=17213
2026-02-15 17:28:14,083 | INFO | [HISTORICAL] no anchor combo=P1__historical__version_3_1__lisflood__consolidated
2026-02-15 17:28:14,100 | INFO | [REFORECAST] no anchor combo=P2__reforecast__version_4_0__htessel_lisflood__control_reforecast
2026-02-15 17:28:14,132 | INFO | [REFORECAST] start combo=P2__reforecast__version_4_0__lisflood__control_reforecast days=2598
2026-02-15 17:28:14,134 | INFO | [REFORECAST] no anchor combo=P2__reforecast__version_4_0__lisflood__control_reforecast
2026-02-15 17:28:14,158 | INFO | [HISTORICAL] start combo=P2__historical__version_4_0__htessel_lisflood__consolidated days=17213
2026-02-15 17:28:14,171 | INFO | [HISTORICAL] no anchor combo=P2__historical__version_4_0__htessel_lisflood__consolidated
2026-02-15 17:28:14,193 | INFO | [REFORECAST] start combo=P3__reforecast__version_2_2__htessel_lisflood__control_reforecast days=2598
2026-02-15 17:28:14,212 | INFO | [REFORECAST] no anchor combo=P3__reforecast__version_2_2__htessel_lisflood__control_reforecast
2026-02-15 17:28:14,223 | INFO | [HISTORICAL] start combo=P2__historical__version_4_0__lisflood__consolidated days=17213
2026-02-15 17:28:14,228 | INFO | [HISTORICAL] no anchor combo=P2__historical__version_4_0__lisflood__consolidated
2026-02-15 17:28:14,253 | INFO | [REFORECAST] start combo=P3__reforecast__version_2_2__lisflood__control_reforecast days=2598
2026-02-15 17:28:14,277 | INFO | [REFORECAST] no anchor combo=P3__reforecast__version_2_2__lisflood__control_reforecast
2026-02-15 17:28:14,281 | INFO | [HISTORICAL] start combo=P3__historical__version_2_1__htessel_lisflood__consolidated days=17213
2026-02-15 17:28:14,333 | INFO | [HISTORICAL] no anchor combo=P3__historical__version_2_1__htessel_lisflood__consolidated
2026-02-15 17:28:14,369 | INFO | [HISTORICAL] start combo=P3__historical__version_2_1__lisflood__consolidated days=17213
2026-02-15 17:28:14,375 | INFO | [HISTORICAL] no anchor combo=P3__historical__version_2_1__lisflood__consolidated
2026-02-15 17:28:14,576 | INFO | completed combos=18 anchors_found=0 attempts=108 out=repro/glofas_coverage_scan_runs/scan_20260216T012813Z
