2026-02-15 18:54:03,503 | INFO | base_run_dir=repro/glofas_coverage_scan_runs/scan_20260216T015036Z
2026-02-15 18:54:03,504 | INFO | mode=run
2026-02-15 18:54:03,526 | INFO | selected_combos=36
2026-02-15 18:54:03,537 | INFO | start combo=P1__forecast__version_3_1__htessel_lisflood__control_forecast baseline=not_found
2026-02-15 18:54:03,544 | INFO | start combo=P1__forecast__version_3_1__htessel_lisflood__ensemble_perturbed_forecasts baseline=not_found
2026-02-15 18:54:07,097 | INFO | done combo=P1__forecast__version_3_1__htessel_lisflood__ensemble_perturbed_forecasts status=not_found
2026-02-15 18:54:07,103 | INFO | start combo=P1__forecast__version_3_1__lisflood__control_forecast baseline=not_found
2026-02-15 18:54:07,395 | INFO | done combo=P1__forecast__version_3_1__htessel_lisflood__control_forecast status=not_found
2026-02-15 18:54:07,401 | INFO | start combo=P1__forecast__version_3_1__lisflood__ensemble_perturbed_forecasts baseline=not_found
2026-02-15 18:54:10,652 | INFO | done combo=P1__forecast__version_3_1__lisflood__control_forecast status=not_found
2026-02-15 18:54:10,692 | INFO | start combo=P1__historical__version_3_1__htessel_lisflood__consolidated baseline=not_found
2026-02-15 18:54:11,015 | INFO | done combo=P1__forecast__version_3_1__lisflood__ensemble_perturbed_forecasts status=not_found
2026-02-15 18:54:11,072 | INFO | start combo=P1__historical__version_3_1__htessel_lisflood__intermediate baseline=not_found
2026-02-15 18:54:14,290 | INFO | done combo=P1__historical__version_3_1__htessel_lisflood__intermediate status=not_found
2026-02-15 18:54:14,329 | INFO | start combo=P1__historical__version_3_1__lisflood__consolidated baseline=found
2026-02-15 18:54:14,466 | INFO | done combo=P1__historical__version_3_1__htessel_lisflood__consolidated status=not_found
2026-02-15 18:54:14,513 | INFO | start combo=P1__historical__version_3_1__lisflood__intermediate baseline=found
2026-02-15 18:56:19,529 | INFO | done combo=P1__historical__version_3_1__lisflood__consolidated found earliest=2021-02-07 latest=2021-06-16 conf=medium
2026-02-15 18:56:19,553 | INFO | start combo=P1__reforecast__version_3_1__htessel_lisflood__control_reforecast baseline=not_found
2026-02-15 18:56:24,123 | INFO | done combo=P1__reforecast__version_3_1__htessel_lisflood__control_reforecast status=not_found
2026-02-15 18:56:24,343 | INFO | start combo=P1__reforecast__version_3_1__htessel_lisflood__ensemble_perturbed_reforecast baseline=not_found
2026-02-15 18:56:28,479 | INFO | done combo=P1__historical__version_3_1__lisflood__intermediate found earliest=2021-06-03 latest=2021-06-16 conf=medium
2026-02-15 18:56:28,502 | INFO | start combo=P1__reforecast__version_3_1__lisflood__control_reforecast baseline=not_found
2026-02-15 18:56:28,768 | INFO | done combo=P1__reforecast__version_3_1__htessel_lisflood__ensemble_perturbed_reforecast status=not_found
2026-02-15 18:56:28,790 | INFO | start combo=P1__reforecast__version_3_1__lisflood__ensemble_perturbed_reforecast baseline=not_found
2026-02-15 18:56:32,273 | INFO | done combo=P1__reforecast__version_3_1__lisflood__ensemble_perturbed_reforecast status=not_found
2026-02-15 18:56:32,280 | INFO | start combo=P2__forecast__operational__htessel_lisflood__control_forecast baseline=found
2026-02-15 18:56:38,751 | INFO | done combo=P1__reforecast__version_3_1__lisflood__control_reforecast status=not_found
2026-02-15 18:56:38,757 | INFO | start combo=P2__forecast__operational__htessel_lisflood__ensemble_perturbed_forecasts baseline=found
2026-02-15 18:58:00,684 | INFO | done combo=P2__forecast__operational__htessel_lisflood__ensemble_perturbed_forecasts found earliest=2019-11-05 latest=2019-12-07 conf=medium
2026-02-15 18:58:00,690 | INFO | start combo=P2__forecast__operational__lisflood__control_forecast baseline=found
2026-02-15 18:58:04,285 | INFO | done combo=P2__forecast__operational__htessel_lisflood__control_forecast found earliest=2019-11-05 latest=2019-12-07 conf=medium
2026-02-15 18:58:04,290 | INFO | start combo=P2__forecast__operational__lisflood__ensemble_perturbed_forecasts baseline=not_found
2026-02-15 18:59:26,495 | INFO | done combo=P2__forecast__operational__lisflood__ensemble_perturbed_forecasts found earliest=2021-05-26 latest=2021-05-26 conf=high
2026-02-15 18:59:26,535 | INFO | start combo=P2__historical__version_4_0__htessel_lisflood__consolidated baseline=not_found
2026-02-15 18:59:35,061 | INFO | done combo=P2__historical__version_4_0__htessel_lisflood__consolidated status=not_found
2026-02-15 18:59:35,099 | INFO | start combo=P2__historical__version_4_0__htessel_lisflood__intermediate baseline=not_found
2026-02-15 18:59:38,394 | INFO | done combo=P2__historical__version_4_0__htessel_lisflood__intermediate status=not_found
2026-02-15 18:59:38,435 | INFO | start combo=P2__historical__version_4_0__lisflood__consolidated baseline=found
2026-02-15 19:00:41,363 | INFO | done combo=P2__forecast__operational__lisflood__control_forecast found earliest=2023-03-26 latest=2023-03-27 conf=high
2026-02-15 19:00:41,404 | INFO | start combo=P2__historical__version_4_0__lisflood__intermediate baseline=not_found
2026-02-15 19:00:45,690 | INFO | done combo=P2__historical__version_4_0__lisflood__intermediate status=not_found
2026-02-15 19:00:45,714 | INFO | start combo=P2__reforecast__version_4_0__htessel_lisflood__control_reforecast baseline=not_found
2026-02-15 19:00:52,295 | INFO | done combo=P2__reforecast__version_4_0__htessel_lisflood__control_reforecast status=not_found
2026-02-15 19:00:52,318 | INFO | start combo=P2__reforecast__version_4_0__htessel_lisflood__ensemble_perturbed_reforecast baseline=not_found
2026-02-15 19:01:00,994 | INFO | done combo=P2__reforecast__version_4_0__htessel_lisflood__ensemble_perturbed_reforecast status=not_found
2026-02-15 19:01:01,014 | INFO | start combo=P2__reforecast__version_4_0__lisflood__control_reforecast baseline=found
2026-02-15 19:02:09,711 | INFO | done combo=P2__reforecast__version_4_0__lisflood__control_reforecast status=not_found
2026-02-15 19:02:09,829 | INFO | start combo=P2__reforecast__version_4_0__lisflood__ensemble_perturbed_reforecast baseline=found
2026-02-15 19:03:18,968 | INFO | done combo=P2__reforecast__version_4_0__lisflood__ensemble_perturbed_reforecast status=not_found
2026-02-15 19:03:18,974 | INFO | start combo=P3__forecast__version_2_1__htessel_lisflood__control_forecast baseline=not_found
2026-02-15 19:03:27,718 | INFO | done combo=P3__forecast__version_2_1__htessel_lisflood__control_forecast status=not_found
2026-02-15 19:03:27,724 | INFO | start combo=P3__forecast__version_2_1__htessel_lisflood__ensemble_perturbed_forecasts baseline=not_found
2026-02-15 19:03:33,624 | INFO | done combo=P3__forecast__version_2_1__htessel_lisflood__ensemble_perturbed_forecasts status=not_found
2026-02-15 19:03:33,630 | INFO | start combo=P3__forecast__version_2_1__lisflood__control_forecast baseline=not_found
2026-02-15 19:03:40,064 | INFO | done combo=P3__forecast__version_2_1__lisflood__control_forecast status=not_found
2026-02-15 19:03:40,070 | INFO | start combo=P3__forecast__version_2_1__lisflood__ensemble_perturbed_forecasts baseline=not_found
2026-02-15 19:03:44,007 | INFO | done combo=P3__forecast__version_2_1__lisflood__ensemble_perturbed_forecasts status=not_found
2026-02-15 19:03:44,048 | INFO | start combo=P3__historical__version_2_1__htessel_lisflood__consolidated baseline=found
2026-02-15 19:06:04,008 | INFO | done combo=P2__historical__version_4_0__lisflood__consolidated found earliest=1979-09-27 latest=1979-09-27 conf=high
2026-02-15 19:06:04,048 | INFO | start combo=P3__historical__version_2_1__htessel_lisflood__intermediate baseline=found
2026-02-15 19:08:29,034 | INFO | done combo=P3__historical__version_2_1__htessel_lisflood__consolidated found earliest=2019-10-29 latest=2019-11-06 conf=high
2026-02-15 19:08:29,075 | INFO | start combo=P3__historical__version_2_1__lisflood__consolidated baseline=not_found
2026-02-15 19:08:34,368 | INFO | done combo=P3__historical__version_2_1__lisflood__consolidated status=not_found
2026-02-15 19:08:34,490 | INFO | start combo=P3__historical__version_2_1__lisflood__intermediate baseline=not_found
2026-02-15 19:08:42,802 | INFO | done combo=P3__historical__version_2_1__lisflood__intermediate status=not_found
2026-02-15 19:08:42,825 | INFO | start combo=P3__reforecast__version_2_2__htessel_lisflood__control_reforecast baseline=not_found
2026-02-15 19:08:45,238 | INFO | done combo=P3__historical__version_2_1__htessel_lisflood__intermediate found earliest=2019-12-24 latest=2020-01-16 conf=high
2026-02-15 19:08:45,263 | INFO | start combo=P3__reforecast__version_2_2__htessel_lisflood__ensemble_perturbed_reforecast baseline=not_found
2026-02-15 19:08:47,641 | INFO | done combo=P3__reforecast__version_2_2__htessel_lisflood__control_reforecast status=not_found
2026-02-15 19:08:47,662 | INFO | start combo=P3__reforecast__version_2_2__lisflood__control_reforecast baseline=not_found
2026-02-15 19:08:52,831 | INFO | done combo=P3__reforecast__version_2_2__htessel_lisflood__ensemble_perturbed_reforecast status=not_found
2026-02-15 19:08:52,852 | INFO | start combo=P3__reforecast__version_2_2__lisflood__ensemble_perturbed_reforecast baseline=not_found
2026-02-15 19:08:54,423 | INFO | done combo=P3__reforecast__version_2_2__lisflood__control_reforecast status=not_found
2026-02-15 19:08:58,819 | INFO | done combo=P3__reforecast__version_2_2__lisflood__ensemble_perturbed_reforecast status=not_found
2026-02-15 19:08:58,832 | INFO | completed combos=36 found=9 attempts=132 out=repro/glofas_coverage_scan_runs/refine_20260216T025403Z
