2026-02-15 17:43:19,205 | INFO | run_id=scan_20260216T014319Z
2026-02-15 17:43:19,206 | INFO | mode=run
2026-02-15 17:43:19,211 | INFO | total_combos=36
2026-02-15 17:43:19,215 | INFO | [HISTORICAL] combos=12
2026-02-15 17:43:19,228 | INFO | [REFORECAST] combos=12
2026-02-15 17:43:19,249 | INFO | [FORECAST] combos=12
2026-02-15 17:43:19,268 | INFO | [FORECAST] start combo=P1__forecast__version_3_1__htessel_lisflood__control_forecast days=2296
2026-02-15 17:43:19,273 | INFO | [HISTORICAL] start combo=P1__historical__version_3_1__htessel_lisflood__consolidated days=17213
2026-02-15 17:43:19,292 | INFO | [REFORECAST] start combo=P1__reforecast__version_3_1__htessel_lisflood__control_reforecast days=2598
2026-02-15 17:43:33,305 | INFO | [REFORECAST] no anchor combo=P1__reforecast__version_3_1__htessel_lisflood__control_reforecast
2026-02-15 17:43:33,337 | INFO | [REFORECAST] start combo=P1__reforecast__version_3_1__htessel_lisflood__ensemble_perturbed_reforecast days=2598
2026-02-15 17:43:33,448 | INFO | [FORECAST] no anchor combo=P1__forecast__version_3_1__htessel_lisflood__control_forecast
2026-02-15 17:43:33,453 | INFO | [FORECAST] start combo=P1__forecast__version_3_1__htessel_lisflood__ensemble_perturbed_forecasts days=2296
2026-02-15 17:43:33,467 | INFO | [HISTORICAL] no anchor combo=P1__historical__version_3_1__htessel_lisflood__consolidated
2026-02-15 17:43:33,504 | INFO | [HISTORICAL] start combo=P1__historical__version_3_1__htessel_lisflood__intermediate days=17213
2026-02-15 17:43:47,355 | INFO | [REFORECAST] no anchor combo=P1__reforecast__version_3_1__htessel_lisflood__ensemble_perturbed_reforecast
2026-02-15 17:43:47,361 | INFO | [FORECAST] no anchor combo=P1__forecast__version_3_1__htessel_lisflood__ensemble_perturbed_forecasts
2026-02-15 17:43:47,377 | INFO | [FORECAST] start combo=P1__forecast__version_3_1__lisflood__control_forecast days=2296
2026-02-15 17:43:47,384 | INFO | [REFORECAST] start combo=P1__reforecast__version_3_1__lisflood__control_reforecast days=2598
2026-02-15 17:43:47,574 | INFO | [HISTORICAL] no anchor combo=P1__historical__version_3_1__htessel_lisflood__intermediate
2026-02-15 17:43:47,613 | INFO | [HISTORICAL] start combo=P1__historical__version_3_1__lisflood__consolidated days=17213
2026-02-15 17:44:01,070 | INFO | [FORECAST] no anchor combo=P1__forecast__version_3_1__lisflood__control_forecast
2026-02-15 17:44:01,076 | INFO | [FORECAST] start combo=P1__forecast__version_3_1__lisflood__ensemble_perturbed_forecasts days=2296
